total 288
drwxr-xr-x 7 beatde-a 2025_lisbon    139 Oct  1 13:50 ft_printf
drwxr-xr-x 2 beatde-a 2025_lisbon    110 Oct  1 13:50 include
-rw-r--r-- 1 beatde-a 2025_lisbon   4146 Oct  1 12:35 Makefile
-rwxr-xr-x 1 beatde-a 2025_lisbon 209376 Oct  1 15:12 minishell
drwxr-xr-x 2 beatde-a 2025_lisbon   4096 Oct  1 15:12 obj
-rw-r--r-- 1 beatde-a 2025_lisbon   2583 Oct  1 12:13 README.md
drwxr-xr-x 5 beatde-a 2025_lisbon     43 Oct  1 14:44 results
drwxr-xr-x 2 beatde-a 2025_lisbon   4096 Oct  1 13:57 src
-rw-r--r-- 1 beatde-a 2025_lisbon  59151 Oct  1 15:12 tags
drwxr-xr-x 5 beatde-a 2025_lisbon    132 Oct  1 16:09 test
