ft_printf
include
Makefile
minishell
obj
README.md
results
src
tags
test
