int	main(int argc, char **argv, char **envp)
int	main(int argc, char **argv, char **envp)
int	main(int argc, char **argv, char **envp)
/*   main.c                                             :+:      :+:    :+:   */
/*   main.c                                             :+:      :+:    :+:   */
/*   main.c                                             :+:      :+:    :+:   */
