drwxr-xr-x 2 beatde-a 2025_lisbon   4096 Oct  1 13:57 src
